{
  "id": "tempKompsat",
  "decodeQualification": "INTENDED",
  "expectedContent": {
    "sceneWidth": 443,
    "sceneHeight": 301,
    "startTime": "03-AUG-2009 08:23:52.294205",
    "endTime": "03-AUG-2009 08:23:52.294205",
    "geoCoding": {
      "coordinates": [
        {
          "x": 191.0,
          "y": 161.0,
          "lat": 47.520887870542126,
          "lon": 19.086246796159262
        },
        {
          "x": 328.0,
          "y": 195.0,
          "lat": 47.51963471087274,
          "lon": 19.091296292474162
        }
      ],
      "reverseAccuracy": 2.3283064365386963E-10
    },
    "bands": [
      {
        "name": "MS4",
        "description": "",
        "bandWidth": 443,
        "bandHeight": 301,
        "geophysicalUnit": "mW cm-2 sr-1 ?m-1",
        "noDataValue": "NaN",
        "noDataValueUsed": "true",
        "spectralWavelength": "0.0",
        "spectralBandwidth": "0.0",
        "expectedPixels": [
          {
            "x": 23,
            "y": 53,
            "value": 0.7726414
          },
          {
            "x": 303,
            "y": 256,
            "value": 0.352536
          }
        ]
      },
      {
        "name": "MS2",
        "description": "",
        "bandWidth": 443,
        "bandHeight": 301,
        "geophysicalUnit": "mW cm-2 sr-1 ?m-1",
        "noDataValue": "NaN",
        "noDataValueUsed": "true",
        "spectralWavelength": "0.0",
        "spectralBandwidth": "0.0",
        "expectedPixels": [
          {
            "x": 128,
            "y": 77,
            "value": 0.93009
          },
          {
            "x": 270,
            "y": 109,
            "value": 0.956046
          }
        ]
      },
      {
        "name": "PAN",
        "description": "",
        "bandWidth": 443,
        "bandHeight": 301,
        "geophysicalUnit": "mW cm-2 sr-1 ?m-1",
        "noDataValue": "NaN",
        "noDataValueUsed": "true",
        "spectralWavelength": "0.0",
        "spectralBandwidth": "0.0",
        "expectedPixels": [
          {
            "x": 243,
            "y": 224,
            "value": 0.48591420
          },
          {
            "x": 269,
            "y": 279,
            "value": 0.60480809
          }
        ]
      },
      {
        "name": "MS3",
        "description": "",
        "bandWidth": 443,
        "bandHeight": 301,
        "geophysicalUnit": "mW cm-2 sr-1 ?m-1",
        "noDataValue": "NaN",
        "noDataValueUsed": "true",
        "spectralWavelength": "0.0",
        "spectralBandwidth": "0.0",
        "expectedPixels": [
          {
            "x": 70,
            "y": 200,
            "value": 0.8161058
          },
          {
            "x": 229,
            "y": 274,
            "value": 0.8020954
          }
        ]
      },
      {
        "name": "MS1",
        "description": "",
        "bandWidth": 443,
        "bandHeight": 301,
        "geophysicalUnit": "mW cm-2 sr-1 ?m-1",
        "noDataValue": "NaN",
        "noDataValueUsed": "true",
        "spectralWavelength": "0.0",
        "spectralBandwidth": "0.0",
        "expectedPixels": [
          {
            "x": 334,
            "y": 145,
            "value": 0.5116188
          },
          {
            "x": 421,
            "y": 146,
            "value": 0.5780236
          }
        ]
      }
    ],
    "metadata": [
      {
        "path": "Processing_Graph/node.4/sources/sourceProduct",
        "value": "Reproject"
      },
      {
        "path": "Metadata/resultTime/TimeInstant/gml:id",
        "value": "KO2_OPER_MSC_MUL_1G_20090803T082351_20090803T082353_016098_0250_1356_0001_3"
      },
      {
        "path": "history/SubsetInfo/SubRegion.height",
        "value": "300"
      },
      {
        "path": "history/SubsetInfo/SubRegion.width",
        "value": "300"
      },
      {
        "path": "history/SubsetInfo/SubSampling.x",
        "value": "1"
      },
      {
        "path": "Processing_Graph/node.2/parameters/subSamplingX",
        "value": "1"
      },
      {
        "path": "Processing_Graph/node.2/parameters/sourceBands",
        "value": "MS1,MS2,MS3,MS4,PAN"
      },
      {
        "path": "history/SubsetInfo/ProductNodeName.2",
        "value": "MS2"
      }
    ]
  }
}