{
    "id": "S2MCI_L1C",
    "decodeQualification": "INTENDED",
    "expectedContent": {
        "sceneWidth": 200,
        "sceneHeight": 200,
        "startTime": "08-AUG-2015 11:00:36.027000",
        "endTime": "08-AUG-2015 11:00:36.027000",
        "geoCoding": {
            "coordinates": [
                {
                    "x": 38.5,
                    "y": 137.5,
                    "lat": 51.61491106527293,
                    "lon": 1.1845992022196827
                },
                {
                    "x": 99.5,
                    "y": 72.5,
                    "lat": 51.650766699874296,
                    "lon": 1.236075545984805
                },
                {
                    "x": 184.5,
                    "y": 61.5,
                    "lat": 51.65778237768215,
                    "lon": 1.3095392103815295
                },
                {
                    "x": 22.5,
                    "y": 123.5,
                    "lat": 51.62224494441947,
                    "lon": 1.1704374169910274
                },
                {
                    "x": 37.5,
                    "y": 135.5,
                    "lat": 51.615976108698185,
                    "lon": 1.1836900026899693
                },
                {
                    "x": 20.5,
                    "y": 13.5,
                    "lat": 51.681531406270615,
                    "lon": 1.1663123538906295
                },
                {
                    "x": 101.5,
                    "y": 25.5,
                    "lat": 51.67613668581742,
                    "lon": 1.2368255072736252
                },
                {
                    "x": 64.5,
                    "y": 183.5,
                    "lat": 51.59045264471244,
                    "lon": 1.2080959798838136
                },
                {
                    "x": 162.5,
                    "y": 186.5,
                    "lat": 51.59009969131273,
                    "lon": 1.2929970070449412
                }
            ],
            "reverseAccuracy": 6.781192496418953E-9
        },
        "bands": [
            {
                "name": "MCI",
                "description": "Line height band",
                "bandWidth": 200,
                "bandHeight": 200,
                "geophysicalUnit": "dl",
                "noDataValue": "NaN",
                "noDataValueUsed": "true",
                "spectralWavelength": "705.0",
                "spectralBandwidth": "97.0",
                "expectedPixels": [
                    {
                        "x": 38,
                        "y": 137,
                        "value": 0.012829901
                    },
                    {
                        "x": 99,
                        "y": 72,
                        "value": 0.002486899
                    },
                    {
                        "x": 184,
                        "y": 61,
                        "value": "NaN"
                    },
                    {
                        "x": 22,
                        "y": 123,
                        "value": 0.0016208019
                    },
                    {
                        "x": 37,
                        "y": 135,
                        "value": 0.0054896027
                    },
                    {
                        "x": 20,
                        "y": 13,
                        "value": 0.0104009025
                    },
                    {
                        "x": 101,
                        "y": 25,
                        "value": 0.0050713983
                    },
                    {
                        "x": 64,
                        "y": 183,
                        "value": 0.0031533996
                    },
                    {
                        "x": 162,
                        "y": 186,
                        "value": 0.0022632007
                    }
                ]
            },
            {
                "name": "MCI_slope",
                "description": "Baseline slope band",
                "bandWidth": 200,
                "bandHeight": 200,
                "geophysicalUnit": "dl nm-1",
                "noDataValue": "NaN",
                "noDataValueUsed": "true",
                "spectralWavelength": "0.0",
                "spectralBandwidth": "0.0",
                "expectedPixels": [
                    {
                        "x": 38,
                        "y": 137,
                        "value": -5.9199997E-4
                    },
                    {
                        "x": 99,
                        "y": 72,
                        "value": -3.72E-4
                    },
                    {
                        "x": 184,
                        "y": 61,
                        "value": "NaN"
                    },
                    {
                        "x": 22,
                        "y": 123,
                        "value": -4.5066667E-4
                    },
                    {
                        "x": 37,
                        "y": 135,
                        "value": -2.3466666E-4
                    },
                    {
                        "x": 20,
                        "y": 13,
                        "value": -7.0533337E-4
                    },
                    {
                        "x": 101,
                        "y": 25,
                        "value": -5.453334E-4
                    },
                    {
                        "x": 64,
                        "y": 183,
                        "value": -5.1200006E-4
                    },
                    {
                        "x": 162,
                        "y": 186,
                        "value": -4.0933336E-4
                    }
                ]
            }
        ],
        "metadata": [
            {
                "path": "Processing_Graph/node.1/parameters/formatName",
                "value": "BEAM-DIMAP"
            },
            {
                "path": "Processing_Graph/node.0/parameters/lineHeightBandName",
                "value": "MCI"
            },
            {
                "path": "Processing_Graph/node.0/parameters/cloudCorrectionFactor",
                "value": "1.005"
            },
            {
                "path": "Processing_Graph/node.1/parameters/clearCacheAfterRowWrite",
                "value": "false"
            },
            {
                "path": "Processing_Graph/node.1/parameters/clearCacheAfterRowWrite",
                "value": "false"
            },
            {
                "path": "Processing_Graph/node.0/parameters/invalidMciValue",
                "value": "NaN"
            },
            {
                "path": "Processing_Graph/node.1/sources/sourceProduct",
                "value": "Mci.s2"
            },
            {
                "path": "Processing_Graph/node.0/sources/sourceProduct",
                "value": "product:Subset_S2A_MSIL1C_20150808T110036_N0204_R094_T31UCT_20150808T110533_resampled"
            },
            {
                "path": "Processing_Graph/node.1/parameters/formatName",
                "value": "BEAM-DIMAP"
            },
            {
                "path": "Processing_Graph/node.0/sources/sourceProduct",
                "value": "product:Subset_S2A_MSIL1C_20150808T110036_N0204_R094_T31UCT_20150808T110533_resampled"
            }
        ]
    }
}