{
    "id": "tempMergeWaterSoilOpFull",
    "decodeQualification": "INTENDED",
    "expectedContent": {
        "sceneWidth": 10980,
        "sceneHeight": 10980,
        "geoCoding": {
            "coordinates": [
                {
                    "x": 4735.0,
                    "y": 5902.0,
                    "lat": -33.961022507653304,
                    "lon": 22.59479170039122
                },
                {
                    "x": 8152.0,
                    "y": 7125.0,
                    "lat": -34.06591255410723,
                    "lon": 22.966987475281325
                }
            ],
            "reverseAccuracy": 4.71482053399086E-8
        },
        "flagCodings": [
            {
                "name": "flags",
                "samples": [
                    {
                        "name": "ARITHMETIC",
                        "value": 1,
                        "description": "Value calculation failed due to an arithmetic exception"
                    },
                    {
                        "name": "NEGATIVE",
                        "value": 2,
                        "description": "Index value is too low"
                    },
                    {
                        "name": "SATURATION",
                        "value": 4,
                        "description": "Index value is too high"
                    }
                ]
            }
        ],
        "bands": [
            {
                "name": "ri",
                "description": "",
                "bandWidth": 10980,
                "bandHeight": 10980,
                "noDataValue": "0.0",
                "noDataValueUsed": "false",
                "spectralWavelength": "0.0",
                "spectralBandwidth": "0.0",
                "expectedPixels": [
                    {
                        "x": 572,
                        "y": 1956,
                        "value": 0.0
                    },
                    {
                        "x": 7522,
                        "y": 9339,
                        "value": 0.0
                    }
                ]
            },
            {
                "name": "flags",
                "description": "ri specific flags",
                "bandWidth": 10980,
                "bandHeight": 10980,
                "noDataValue": "0.0",
                "noDataValueUsed": "false",
                "spectralWavelength": "0.0",
                "spectralBandwidth": "0.0",
                "expectedPixels": [
                    {
                        "x": 3193,
                        "y": 2820,
                        "value": 0.0
                    },
                    {
                        "x": 6703,
                        "y": 4010,
                        "value": 0.0
                    }
                ]
            },
            {
                "name": "ndti",
                "description": "",
                "bandWidth": 10980,
                "bandHeight": 10980,
                "noDataValue": "0.0",
                "noDataValueUsed": "false",
                "spectralWavelength": "0.0",
                "spectralBandwidth": "0.0",
                "expectedPixels": [
                    {
                        "x": 6039,
                        "y": 8183,
                        "value": 0.0
                    },
                    {
                        "x": 6679,
                        "y": 10194,
                        "value": 0.0
                    }
                ]
            },
            {
                "name": "flags_2",
                "description": "ndti specific flags",
                "bandWidth": 10980,
                "bandHeight": 10980,
                "noDataValue": "0.0",
                "noDataValueUsed": "false",
                "spectralWavelength": "0.0",
                "spectralBandwidth": "0.0",
                "expectedPixels": [
                    {
                        "x": 1737,
                        "y": 7313,
                        "value": 0.0
                    },
                    {
                        "x": 5700,
                        "y": 10030,
                        "value": 0.0
                    }
                ]
            }
        ],
        "masks": [
            {
                "name": "ARITHMETIC",
                "type": "org.esa.snap.core.datamodel.Mask$BandMathsType",
                "color": "255,0,0",
                "description": "An arithmetic exception occurred."
            },
            {
                "name": "NEGATIVE",
                "type": "org.esa.snap.core.datamodel.Mask$BandMathsType",
                "color": "255,0,0",
                "description": "Index value is too low."
            },
            {
                "name": "SATURATION",
                "type": "org.esa.snap.core.datamodel.Mask$BandMathsType",
                "color": "178,0,0",
                "description": "Index value is too high."
            }
        ],
        "metadata": [
            {
                "path": "Processing_Graph/node.1/parameters/geographicError",
                "value": "1.0E-5"
            },
            {
                "path": "Processing_Graph/node.2/parameters/resampleType",
                "value": "None"
            },
            {
                "path": "Processing_Graph/node.0/parameters/greenSourceBand",
                "value": "B3"
            },
            {
                "path": "Processing_Graph/node.1/parameters/geographicError",
                "value": "1.0E-5"
            },
            {
                "path": "Processing_Graph/node.2/parameters/redFactor",
                "value": "1.0"
            },
            {
                "path": "Processing_Graph/node.2/parameters/redSourceBand",
                "value": "B4"
            },
            {
                "path": "Processing_Graph/node.1/parameters/geographicError",
                "value": "1.0E-5"
            },
            {
                "path": "Processing_Graph/node.2/parameters/greenFactor",
                "value": "1.0"
            },
            {
                "path": "Processing_Graph/node.2/parameters/greenSourceBand",
                "value": "B3"
            },
            {
                "path": "Processing_Graph/node.1/parameters/geographicError",
                "value": "1.0E-5"
            }
        ]
    }
}
