{
  "id": "tempWorldView2ESA",
  "decodeQualification": "INTENDED",
  "expectedContent": {
    "sceneWidth": 839,
    "sceneHeight": 601,
    "startTime": "25-MAY-2011 09:53:46.069631",
    "endTime": "25-MAY-2011 09:53:46.069631",
    "geoCoding": {
      "coordinates": [
        {
          "x": 361.0,
          "y": 323.0,
          "lat": 44.50074536603779,
          "lon": 23.77905360215082
        },
        {
          "x": 622.0,
          "y": 389.0,
          "lat": 44.50049989671353,
          "lon": 23.78002432175133
        }
      ],
      "reverseAccuracy": 1.862645149230957E-9
    },
    "bands": [
      {
        "name": "Pan",
        "description": "",
        "bandWidth": 839,
        "bandHeight": 601,
        "noDataValue": "NaN",
        "noDataValueUsed": "true",
        "spectralWavelength": "0.0",
        "spectralBandwidth": "0.0",
        "expectedPixels": [
          {
            "x": 43,
            "y": 107,
            "value": 64.24551
          },
          {
            "x": 574,
            "y": 511,
            "value": 81.80328
          }
        ]
      },
      {
        "name": "Coastal",
        "description": "",
        "bandWidth": 839,
        "bandHeight": 601,
        "noDataValue": "NaN",
        "noDataValueUsed": "true",
        "spectralWavelength": "0.0",
        "spectralBandwidth": "0.0",
        "expectedPixels": [
          {
            "x": 244,
            "y": 154,
            "value": 90.99129
          },
          {
            "x": 512,
            "y": 219,
            "value": 87.84688
          }
        ]
      },
      {
        "name": "Blue",
        "description": "",
        "bandWidth": 839,
        "bandHeight": 601,
        "noDataValue": "NaN",
        "noDataValueUsed": "true",
        "spectralWavelength": "0.0",
        "spectralBandwidth": "0.0",
        "expectedPixels": [
          {
            "x": 461,
            "y": 447,
            "value": 137.62708
          },
          {
            "x": 510,
            "y": 558,
            "value": 92.95576
          }
        ]
      },
      {
        "name": "Green",
        "description": "",
        "bandWidth": 839,
        "bandHeight": 601,
        "noDataValue": "NaN",
        "noDataValueUsed": "true",
        "spectralWavelength": "0.0",
        "spectralBandwidth": "0.0",
        "expectedPixels": [
          {
            "x": 132,
            "y": 400,
            "value": 82.501434
          },
          {
            "x": 435,
            "y": 549,
            "value": 138.5851
          }
        ]
      },
      {
        "name": "Yellow",
        "description": "",
        "bandWidth": 839,
        "bandHeight": 601,
        "noDataValue": "NaN",
        "noDataValueUsed": "true",
        "spectralWavelength": "0.0",
        "spectralBandwidth": "0.0",
        "expectedPixels": [
          {
            "x": 634,
            "y": 291,
            "value": 60.82299
          },
          {
            "x": 797,
            "y": 292,
            "value": 67.56087
          }
        ]
      },
      {
        "name": "Red",
        "description": "",
        "bandWidth": 839,
        "bandHeight": 601,
        "noDataValue": "NaN",
        "noDataValueUsed": "true",
        "spectralWavelength": "0.0",
        "spectralBandwidth": "0.0",
        "expectedPixels": [
          {
            "x": 285,
            "y": 540,
            "value": 101.297005
          },
          {
            "x": 8,
            "y": 282,
            "value": "NaN"
          }
        ]
      },
      {
        "name": "Red Edge",
        "description": "",
        "bandWidth": 839,
        "bandHeight": 601,
        "noDataValue": "NaN",
        "noDataValueUsed": "true",
        "spectralWavelength": "0.0",
        "spectralBandwidth": "0.0",
        "expectedPixels": [
          {
            "x": 274,
            "y": 118,
            "value": 80.99621
          },
          {
            "x": 229,
            "y": 25,
            "value": 75.442184
          }
        ]
      },
      {
        "name": "NIR1",
        "description": "",
        "bandWidth": 839,
        "bandHeight": 601,
        "noDataValue": "NaN",
        "noDataValueUsed": "true",
        "spectralWavelength": "0.0",
        "spectralBandwidth": "0.0",
        "expectedPixels": [
          {
            "x": 815,
            "y": 363,
            "value": 80.249794
          },
          {
            "x": 480,
            "y": 430,
            "value": 66.356415
          }
        ]
      },
      {
        "name": "NIR2",
        "description": "",
        "bandWidth": 839,
        "bandHeight": 601,
        "noDataValue": "NaN",
        "noDataValueUsed": "true",
        "spectralWavelength": "0.0",
        "spectralBandwidth": "0.0",
        "expectedPixels": [
          {
            "x": 194,
            "y": 299,
            "value": 31.320992
          },
          {
            "x": 269,
            "y": 434,
            "value": 42.21525
          }
        ]
      }
    ],
    "metadata": [
      {
        "path": "Metadata[2]/TIL/TILE[8]/URLON",
        "value": "2.392758338000000e+01"
      },
      {
        "path": "Processing_Graph/node.0/parameters/file",
        "value": "/data/ssd/testData/s2tbx/_gpt_readers/worldview2/WV2_OPER_WV-110__2A_20110525T095346_N44-248_E023-873_4061.SIP/WV2_OPER_WV-110__2A_20110525T095346_N44-248_E023-873_4061.MD.XML"

      },
      {
        "path": "history/SubsetInfo/ProductNodeName.9",
        "value": "NIR2"

      },
      {
        "path": "history/SubsetInfo/ProductNodeName.1",
        "value": "Pan"

      },
      {
        "path": "Processing_Graph/node.2/parameters/subSamplingX",
        "value": "1"
      },
      {
        "path": "Metadata[2]/TIL/TILE/ULLAT",
        "value": "4.450323999000000e+01"
      },
      {
        "path": "Metadata/RPB/IMAGE/SAMPNUMCOEFList/SAMPNUMCOEF",
        "value": "-1.222323000000000e-03 9.511399000000000e-01 -7.131398999999999e-02 1.530014000000000e-02 -1.554216000000000e-03 3.730560000000000e-04 -2.629874000000000e-04 5.229595000000000e-04 -2.103978000000000e-04 4.201110000000000e-06 -2.709821000000000e-07 -9.285679000000000e-07 -5.107785000000000e-06 -9.287760000000000e-07 -2.064984000000000e-06 -2.881895000000000e-07 -5.528449000000000e-08 5.928809000000000e-07 -2.507053000000000e-07 -1.722138000000000e-08"
      },
      {
        "path": "Processing_Graph/node.4/parameters/file",
        "value": "/home/snap/tmpDir/tempWorldView2ESA"

      },
      {
        "path": "Processing_Graph/node.3/sources/sourceProduct",
        "value": "product:Subset_WV2_OPER_WV-110__2A_20110525T095346_N44-248_E023-873_4061_resampled"
      },
      {
        "path": "Metadata/TIL/TILE[11]/ULROWOFFSET",
        "value": "49152"
      }
    ]
  }
}