{
  "id" : "s1tbx.standard.terraincorrect.s1.grd",
  "decodeQualification" : "INTENDED",
  "expectedContent" : {
    "sceneWidth" : 619,
    "sceneHeight" : 597,
    "geoCoding" : {
      "coordinates" : [ {
        "x" : 309.0,
        "y" : 298.0,
        "lat" : 18.21239999043441,
        "lon" : -156.54161258817362
      } ]
    },
    "tiePointGrids" : [ ],
    "bands" : [ {
      "name" : "Amplitude_VH",
      "description" : "",
      "bandWidth" : 619,
      "bandHeight" : 597,
      "noDataValue" : 0.0,
      "noDataValueUsed" : true,
      "spectralWavelength" : 0.0,
      "spectralBandwidth" : 0.0,
      "expectedPixels" : [ {
        "x" : 309.0,
        "y" : 298.0,
        "value" : 40.17183
      } ]
    }, {
      "name" : "Amplitude_VV",
      "description" : "",
      "bandWidth" : 619,
      "bandHeight" : 597,
      "noDataValue" : 0.0,
      "noDataValueUsed" : true,
      "spectralWavelength" : 0.0,
      "spectralBandwidth" : 0.0,
      "expectedPixels" : [ {
        "x" : 309.0,
        "y" : 298.0,
        "value" : 405.8751
      } ]
    } ],
    "masks" : [ ]
  }
}