{
  "id" : "s1tbx.standard.calibrate.s1.grd",
  "decodeQualification" : "INTENDED",
  "expectedContent" : {
    "sceneWidth" : 500,
    "sceneHeight" : 500,
    "geoCoding" : {
      "coordinates" : [ {
        "x" : 250.0,
        "y" : 250.0,
        "lat" : 47.947938056730294,
        "lon" : 2.435918948758371
      } ]
    },
    "tiePointGrids" : [ {
      "name" : "latitude",
      "description" : "",
      "offsetX" : -2.5999999999999943,
      "offsetY" : -99.5,
      "subSamplingX" : 96.9,
      "subSamplingY" : 312.46153846153845,
      "expectedPixels" : [ {
        "x" : 250.0,
        "y" : 250.0,
        "value" : 47.948154
      } ]
    }, {
      "name" : "longitude",
      "description" : "",
      "offsetX" : -2.5999999999999943,
      "offsetY" : -99.5,
      "subSamplingX" : 96.9,
      "subSamplingY" : 312.46153846153845,
      "expectedPixels" : [ {
        "x" : 250.0,
        "y" : 250.0,
        "value" : 2.436121
      } ]
    }, {
      "name" : "incident_angle",
      "description" : "",
      "offsetX" : -2.5999999999999943,
      "offsetY" : -99.5,
      "subSamplingX" : 96.9,
      "subSamplingY" : 312.46153846153845,
      "expectedPixels" : [ {
        "x" : 250.0,
        "y" : 250.0,
        "value" : 22.214706
      } ]
    }, {
      "name" : "elevation_angle",
      "description" : "",
      "offsetX" : -2.5999999999999943,
      "offsetY" : -99.5,
      "subSamplingX" : 96.9,
      "subSamplingY" : 312.46153846153845,
      "expectedPixels" : [ {
        "x" : 250.0,
        "y" : 250.0,
        "value" : 19.924316
      } ]
    }, {
      "name" : "slant_range_time",
      "description" : "",
      "offsetX" : -2.5999999999999943,
      "offsetY" : -99.5,
      "subSamplingX" : 96.9,
      "subSamplingY" : 312.46153846153845,
      "expectedPixels" : [ {
        "x" : 250.0,
        "y" : 250.0,
        "value" : 4980915.5
      } ]
    } ],
    "bands" : [ {
      "name" : "Sigma0_VH",
      "description" : "",
      "bandWidth" : 500,
      "bandHeight" : 500,
      "noDataValue" : 0.0,
      "noDataValueUsed" : true,
      "spectralWavelength" : 0.0,
      "spectralBandwidth" : 0.0,
      "expectedPixels" : [ {
        "x" : 250.0,
        "y" : 250.0,
        "value" : 1.2525622E-7
      } ]
    }, {
      "name" : "Sigma0_VV",
      "description" : "",
      "bandWidth" : 500,
      "bandHeight" : 500,
      "noDataValue" : 0.0,
      "noDataValueUsed" : true,
      "spectralWavelength" : 0.0,
      "spectralBandwidth" : 0.0,
      "expectedPixels" : [ {
        "x" : 250.0,
        "y" : 250.0,
        "value" : 5.6850695E-7
      } ]
    } ],
    "masks" : [ ]
  }
}