{
  "id" : "s1tbx.standard.multilook.ers",
  "decodeQualification" : "INTENDED",
  "expectedContent" : {
    "sceneWidth" : 166,
    "sceneHeight" : 500,
    "geoCoding" : {
      "coordinates" : [ {
        "x" : 83.0,
        "y" : 250.0,
        "lat" : 34.866416930350674,
        "lon" : -5.484246200201371
      } ]
    },
    "tiePointGrids" : [ {
      "name" : "slant_range_time",
      "description" : "",
      "offsetX" : 0.0,
      "offsetY" : 0.0,
      "subSamplingX" : 16.600000381469727,
      "subSamplingY" : 50.0,
      "expectedPixels" : [ {
        "x" : 83.0,
        "y" : 250.0,
        "value" : 5532615.5
      } ]
    }, {
      "name" : "incident_angle",
      "description" : "",
      "offsetX" : 0.0,
      "offsetY" : 0.0,
      "subSamplingX" : 16.600000381469727,
      "subSamplingY" : 50.0,
      "expectedPixels" : [ {
        "x" : 83.0,
        "y" : 250.0,
        "value" : 20.697178
      } ]
    }, {
      "name" : "latitude",
      "description" : "",
      "offsetX" : 0.0,
      "offsetY" : 0.0,
      "subSamplingX" : 16.600000381469727,
      "subSamplingY" : 50.0,
      "expectedPixels" : [ {
        "x" : 83.0,
        "y" : 250.0,
        "value" : 34.866295
      } ]
    }, {
      "name" : "longitude",
      "description" : "",
      "offsetX" : 0.0,
      "offsetY" : 0.0,
      "subSamplingX" : 16.600000381469727,
      "subSamplingY" : 50.0,
      "expectedPixels" : [ {
        "x" : 83.0,
        "y" : 250.0,
        "value" : -5.485535
      } ]
    } ],
    "bands" : [ {
      "name" : "Amplitude",
      "description" : "Image Mode Precision Image",
      "bandWidth" : 166,
      "bandHeight" : 500,
      "noDataValue" : 0.0,
      "noDataValueUsed" : true,
      "spectralWavelength" : 0.0,
      "spectralBandwidth" : 0.0,
      "expectedPixels" : [ {
        "x" : 83.0,
        "y" : 250.0,
        "value" : 508.0
      } ]
    } ],
    "masks" : [ ]
  }
}