{
  "id" : "s1tbx.standard.terrainflatten.rs2.slc",
  "decodeQualification" : "INTENDED",
  "expectedContent" : {
    "sceneWidth" : 778,
    "sceneHeight" : 369,
    "geoCoding" : {
      "coordinates" : [ {
        "x" : 389.0,
        "y" : 184.0,
        "lat" : 46.04270321262731,
        "lon" : -77.40206564274429
      } ]
    },
    "tiePointGrids" : [ ],
    "bands" : [ {
      "name" : "Gamma0_HH",
      "description" : "",
      "bandWidth" : 778,
      "bandHeight" : 369,
      "noDataValue" : 0.0,
      "noDataValueUsed" : true,
      "spectralWavelength" : 0.0,
      "spectralBandwidth" : 0.0,
      "expectedPixels" : [ {
        "x" : 389,
        "y" : 184,
        "value" : 0.025680551
      } ]
    }, {
      "name" : "Gamma0_HV",
      "description" : "",
      "bandWidth" : 778,
      "bandHeight" : 369,
      "noDataValue" : 0.0,
      "noDataValueUsed" : true,
      "spectralWavelength" : 0.0,
      "spectralBandwidth" : 0.0,
      "expectedPixels" : [ {
        "x" : 389,
        "y" : 184,
        "value" : 0.0027864475
      } ]
    }, {
      "name" : "Gamma0_VH",
      "description" : "",
      "bandWidth" : 778,
      "bandHeight" : 369,
      "noDataValue" : 0.0,
      "noDataValueUsed" : true,
      "spectralWavelength" : 0.0,
      "spectralBandwidth" : 0.0,
      "expectedPixels" : [ {
        "x" : 389,
        "y" : 184,
        "value" : 0.0020259304
      } ]
    }, {
      "name" : "Gamma0_VV",
      "description" : "",
      "bandWidth" : 778,
      "bandHeight" : 369,
      "noDataValue" : 0.0,
      "noDataValueUsed" : true,
      "spectralWavelength" : 0.0,
      "spectralBandwidth" : 0.0,
      "expectedPixels" : [ {
        "x" : 389,
        "y" : 184,
        "value" : 0.025325956
      } ]
    } ],
    "masks" : [ ]
  }
}