{
  "id" : "s1tbx.standard.specklefilter.asar",
  "decodeQualification" : "INTENDED",
  "expectedContent" : {
    "sceneWidth" : 300,
    "sceneHeight" : 300,
    "geoCoding" : {
      "coordinates" : [ {
        "x" : 150.0,
        "y" : 150.0,
        "lat" : 43.639834988138475,
        "lon" : 37.85359200691697
      } ]
    },
    "tiePointGrids" : [ {
      "name" : "samples",
      "description" : "range sample",
      "offsetX" : -97.5,
      "offsetY" : -35.5,
      "subSamplingX" : 102.0,
      "subSamplingY" : 132.0,
      "expectedPixels" : [ {
        "x" : 150.0,
        "y" : 150.0,
        "value" : 351.0
      } ]
    }, {
      "name" : "slant_range_time",
      "description" : "2 way slant range time",
      "offsetX" : -97.5,
      "offsetY" : -35.5,
      "subSamplingX" : 102.0,
      "subSamplingY" : 132.0,
      "expectedPixels" : [ {
        "x" : 150.0,
        "y" : 150.0,
        "value" : 6664345.5
      } ]
    }, {
      "name" : "incident_angle",
      "description" : "Incident angle",
      "offsetX" : -97.5,
      "offsetY" : -35.5,
      "subSamplingX" : 102.0,
      "subSamplingY" : 132.0,
      "expectedPixels" : [ {
        "x" : 150.0,
        "y" : 150.0,
        "value" : 40.379555
      } ]
    }, {
      "name" : "latitude",
      "description" : "Latitude of the tie points (WGS-84), positive N",
      "offsetX" : -97.5,
      "offsetY" : -35.5,
      "subSamplingX" : 102.0,
      "subSamplingY" : 132.0,
      "expectedPixels" : [ {
        "x" : 150.0,
        "y" : 150.0,
        "value" : 43.640224
      } ]
    }, {
      "name" : "longitude",
      "description" : "Longitude of the tie points (WGS-84), Greenwich origin, positive E",
      "offsetX" : -97.5,
      "offsetY" : -35.5,
      "subSamplingX" : 102.0,
      "subSamplingY" : 132.0,
      "expectedPixels" : [ {
        "x" : 150.0,
        "y" : 150.0,
        "value" : 37.853973
      } ]
    } ],
    "bands" : [ {
      "name" : "Amplitude",
      "description" : "Image Mode Medium Resolution Image (stripline)",
      "bandWidth" : 300,
      "bandHeight" : 300,
      "noDataValue" : 0.0,
      "noDataValueUsed" : true,
      "spectralWavelength" : 0.0,
      "spectralBandwidth" : 0.0,
      "expectedPixels" : [ {
        "x" : 150.0,
        "y" : 150.0,
        "value" : 740.40814
      } ]
    } ],
    "masks" : [ ]
  }
}