{
  "id" : "s1tbx.standard.slc2pri.ers1",
  "decodeQualification" : "INTENDED",
  "expectedContent" : {
    "sceneWidth" : 2844,
    "sceneHeight" : 600,
    "geoCoding" : {
      "coordinates" : [ {
        "x" : 1422.0,
        "y" : 300.0,
        "lat" : 37.394580842234745,
        "lon" : 15.423513821876568
      } ]
    },
    "tiePointGrids" : [ {
      "name" : "latitude",
      "description" : "",
      "offsetX" : 0.0,
      "offsetY" : 0.0,
      "subSamplingX" : 284.3999938964844,
      "subSamplingY" : 60.0,
      "expectedPixels" : [ {
        "x" : 1422.0,
        "y" : 300.0,
        "value" : 37.394688
      } ]
    }, {
      "name" : "longitude",
      "description" : "",
      "offsetX" : 0.0,
      "offsetY" : 0.0,
      "subSamplingX" : 284.3999938964844,
      "subSamplingY" : 60.0,
      "expectedPixels" : [ {
        "x" : 1422.0,
        "y" : 300.0,
        "value" : 15.423605
      } ]
    }, {
      "name" : "incident_angle",
      "description" : "",
      "offsetX" : 0.0,
      "offsetY" : 0.0,
      "subSamplingX" : 284.3999938964844,
      "subSamplingY" : 60.0,
      "expectedPixels" : [ {
        "x" : 1422.0,
        "y" : 300.0,
        "value" : 24.513004
      } ]
    }, {
      "name" : "slant_range_time",
      "description" : "",
      "offsetX" : 0.0,
      "offsetY" : 0.0,
      "subSamplingX" : 284.3999938964844,
      "subSamplingY" : 60.0,
      "expectedPixels" : [ {
        "x" : 1422.0,
        "y" : 300.0,
        "value" : 5723036.5
      } ]
    } ],
    "bands" : [ {
      "name" : "Sigma0_VV",
      "description" : "",
      "bandWidth" : 2844,
      "bandHeight" : 600,
      "noDataValue" : 0.0,
      "noDataValueUsed" : true,
      "spectralWavelength" : 0.0,
      "spectralBandwidth" : 0.0,
      "expectedPixels" : [ {
        "x" : 1422.0,
        "y" : 300.0,
        "value" : 0.049181253
      } ]
    } ],
    "masks" : [ ]
  }
}