{
  "id" : "s1tbx.standard.specklefilter.idan.s1.grd",
  "decodeQualification" : "INTENDED",
  "expectedContent" : {
    "sceneWidth" : 300,
    "sceneHeight" : 300,
    "geoCoding" : {
      "coordinates" : [ {
        "x" : 150.0,
        "y" : 150.0,
        "lat" : 18.221289130509273,
        "lon" : -156.54338410692398
      } ]
    },
    "tiePointGrids" : [ {
      "name" : "latitude",
      "description" : "",
      "offsetX" : -199.5,
      "offsetY" : -299.5,
      "subSamplingX" : 1260.25,
      "subSamplingY" : 1864.111111111111,
      "expectedPixels" : [ {
        "x" : 150.0,
        "y" : 150.0,
        "value" : 18.221342
      } ]
    }, {
      "name" : "longitude",
      "description" : "",
      "offsetX" : -199.5,
      "offsetY" : -299.5,
      "subSamplingX" : 1260.25,
      "subSamplingY" : 1864.111111111111,
      "expectedPixels" : [ {
        "x" : 150.0,
        "y" : 150.0,
        "value" : -156.54335
      } ]
    }, {
      "name" : "incident_angle",
      "description" : "",
      "offsetX" : -199.5,
      "offsetY" : -299.5,
      "subSamplingX" : 1260.25,
      "subSamplingY" : 1864.111111111111,
      "expectedPixels" : [ {
        "x" : 150.0,
        "y" : 150.0,
        "value" : 31.110332
      } ]
    }, {
      "name" : "elevation_angle",
      "description" : "",
      "offsetX" : -199.5,
      "offsetY" : -299.5,
      "subSamplingX" : 1260.25,
      "subSamplingY" : 1864.111111111111,
      "expectedPixels" : [ {
        "x" : 150.0,
        "y" : 150.0,
        "value" : 27.756742
      } ]
    }, {
      "name" : "slant_range_time",
      "description" : "",
      "offsetX" : -199.5,
      "offsetY" : -299.5,
      "subSamplingX" : 1260.25,
      "subSamplingY" : 1864.111111111111,
      "expectedPixels" : [ {
        "x" : 150.0,
        "y" : 150.0,
        "value" : 5342775.5
      } ]
    } ],
    "bands" : [ {
      "name" : "Amplitude_VH",
      "description" : "",
      "bandWidth" : 300,
      "bandHeight" : 300,
      "noDataValue" : 0.0,
      "noDataValueUsed" : true,
      "spectralWavelength" : 0.0,
      "spectralBandwidth" : 0.0,
      "expectedPixels" : [ {
        "x" : 150.0,
        "y" : 150.0,
        "value" : 41.142857
      } ]
    }, {
      "name" : "Amplitude_VV",
      "description" : "",
      "bandWidth" : 300,
      "bandHeight" : 300,
      "noDataValue" : 0.0,
      "noDataValueUsed" : true,
      "spectralWavelength" : 0.0,
      "spectralBandwidth" : 0.0,
      "expectedPixels" : [ {
        "x" : 150.0,
        "y" : 150.0,
        "value" : 242.25397
      } ]
    } ],
    "masks" : [ ]
  }
}