{
  "id" : "s1tbx.standard.calibrate.asar",
  "decodeQualification" : "INTENDED",
  "expectedContent" : {
    "sceneWidth" : 500,
    "sceneHeight" : 500,
    "geoCoding" : {
      "coordinates" : [ {
        "x" : 250.0,
        "y" : 250.0,
        "lat" : 43.573240078706796,
        "lon" : 37.869193962761514
      } ]
    },
    "tiePointGrids" : [ {
      "name" : "samples",
      "description" : "range sample",
      "offsetX" : -99.5,
      "offsetY" : -99.5,
      "subSamplingX" : 102.0,
      "subSamplingY" : 132.0,
      "expectedPixels" : [ {
        "x" : 250.0,
        "y" : 250.0,
        "value" : 351.0
      } ]
    }, {
      "name" : "slant_range_time",
      "description" : "2 way slant range time",
      "offsetX" : -99.5,
      "offsetY" : -99.5,
      "subSamplingX" : 102.0,
      "subSamplingY" : 132.0,
      "expectedPixels" : [ {
        "x" : 250.0,
        "y" : 250.0,
        "value" : 6664225.5
      } ]
    }, {
      "name" : "incident_angle",
      "description" : "Incident angle",
      "offsetX" : -99.5,
      "offsetY" : -99.5,
      "subSamplingX" : 102.0,
      "subSamplingY" : 132.0,
      "expectedPixels" : [ {
        "x" : 250.0,
        "y" : 250.0,
        "value" : 40.379475
      } ]
    }, {
      "name" : "latitude",
      "description" : "Latitude of the tie points (WGS-84), positive N",
      "offsetX" : -99.5,
      "offsetY" : -99.5,
      "subSamplingX" : 102.0,
      "subSamplingY" : 132.0,
      "expectedPixels" : [ {
        "x" : 250.0,
        "y" : 250.0,
        "value" : 43.57363
      } ]
    }, {
      "name" : "longitude",
      "description" : "Longitude of the tie points (WGS-84), Greenwich origin, positive E",
      "offsetX" : -99.5,
      "offsetY" : -99.5,
      "subSamplingX" : 102.0,
      "subSamplingY" : 132.0,
      "expectedPixels" : [ {
        "x" : 250.0,
        "y" : 250.0,
        "value" : 37.86957
      } ]
    } ],
    "bands" : [ {
      "name" : "Sigma0_VV",
      "description" : "",
      "bandWidth" : 500,
      "bandHeight" : 500,
      "noDataValue" : 0.0,
      "noDataValueUsed" : true,
      "spectralWavelength" : 0.0,
      "spectralBandwidth" : 0.0,
      "expectedPixels" : [ {
        "x" : 250.0,
        "y" : 250.0,
        "value" : 0.046845384
      } ]
    } ],
    "masks" : [ ]
  }
}