{
  "id" : "s1tbx.standard.multilook.asar",
  "decodeQualification" : "INTENDED",
  "expectedContent" : {
    "sceneWidth" : 166,
    "sceneHeight" : 500,
    "geoCoding" : {
      "coordinates" : [ {
        "x" : 83.0,
        "y" : 250.0,
        "lat" : 43.57323837214877,
        "lon" : 37.869194752939244
      } ]
    },
    "tiePointGrids" : [ {
      "name" : "samples",
      "description" : "",
      "offsetX" : 0.0,
      "offsetY" : 0.0,
      "subSamplingX" : 16.600000381469727,
      "subSamplingY" : 50.0,
      "expectedPixels" : [ {
        "x" : 83.0,
        "y" : 250.0,
        "value" : 352.0
      } ]
    }, {
      "name" : "slant_range_time",
      "description" : "",
      "offsetX" : 0.0,
      "offsetY" : 0.0,
      "subSamplingX" : 16.600000381469727,
      "subSamplingY" : 50.0,
      "expectedPixels" : [ {
        "x" : 83.0,
        "y" : 250.0,
        "value" : 6664550.0
      } ]
    }, {
      "name" : "incident_angle",
      "description" : "",
      "offsetX" : 0.0,
      "offsetY" : 0.0,
      "subSamplingX" : 16.600000381469727,
      "subSamplingY" : 50.0,
      "expectedPixels" : [ {
        "x" : 83.0,
        "y" : 250.0,
        "value" : 40.383427
      } ]
    }, {
      "name" : "latitude",
      "description" : "",
      "offsetX" : 0.0,
      "offsetY" : 0.0,
      "subSamplingX" : 16.600000381469727,
      "subSamplingY" : 50.0,
      "expectedPixels" : [ {
        "x" : 83.0,
        "y" : 250.0,
        "value" : 43.573742
      } ]
    }, {
      "name" : "longitude",
      "description" : "",
      "offsetX" : 0.0,
      "offsetY" : 0.0,
      "subSamplingX" : 16.600000381469727,
      "subSamplingY" : 50.0,
      "expectedPixels" : [ {
        "x" : 83.0,
        "y" : 250.0,
        "value" : 37.87049
      } ]
    } ],
    "bands" : [ {
      "name" : "Amplitude",
      "description" : "Image Mode Medium Resolution Image (stripline)",
      "bandWidth" : 166,
      "bandHeight" : 500,
      "noDataValue" : 0.0,
      "noDataValueUsed" : true,
      "spectralWavelength" : 0.0,
      "spectralBandwidth" : 0.0,
      "expectedPixels" : [ {
        "x" : 83.0,
        "y" : 250.0,
        "value" : 737.0
      } ]
    } ],
    "masks" : [ ]
  }
}