{
  "id" : "s1tbx.standard.applyorbit.s1-grd",
  "decodeQualification" : "INTENDED",
  "expectedContent" : {
    "sceneWidth" : 25205,
    "sceneHeight" : 16777,
    "geoCoding" : {
      "coordinates" : [ {
        "x" : 12602.0,
        "y" : 8388.0,
        "lat" : 19.14714036277305,
        "lon" : -155.54865143527482
      } ]
    },
    "tiePointGrids" : [ {
      "name" : "latitude",
      "description" : "",
      "offsetX" : 0.5,
      "offsetY" : 0.5,
      "subSamplingX" : 1260.25,
      "subSamplingY" : 1864.111111111111,
      "expectedPixels" : [ {
        "x" : 12602.0,
        "y" : 8388.0,
        "value" : 19.147194
      } ]
    }, {
      "name" : "longitude",
      "description" : "",
      "offsetX" : 0.5,
      "offsetY" : 0.5,
      "subSamplingX" : 1260.25,
      "subSamplingY" : 1864.111111111111,
      "expectedPixels" : [ {
        "x" : 12602.0,
        "y" : 8388.0,
        "value" : -155.54861
      } ]
    }, {
      "name" : "incident_angle",
      "description" : "",
      "offsetX" : 0.5,
      "offsetY" : 0.5,
      "subSamplingX" : 1260.25,
      "subSamplingY" : 1864.111111111111,
      "expectedPixels" : [ {
        "x" : 12602.0,
        "y" : 8388.0,
        "value" : 39.086098
      } ]
    }, {
      "name" : "elevation_angle",
      "description" : "",
      "offsetX" : 0.5,
      "offsetY" : 0.5,
      "subSamplingX" : 1260.25,
      "subSamplingY" : 1864.111111111111,
      "expectedPixels" : [ {
        "x" : 12602.0,
        "y" : 8388.0,
        "value" : 34.6312
      } ]
    }, {
      "name" : "slant_range_time",
      "description" : "",
      "offsetX" : 0.5,
      "offsetY" : 0.5,
      "subSamplingX" : 1260.25,
      "subSamplingY" : 1864.111111111111,
      "expectedPixels" : [ {
        "x" : 12602.0,
        "y" : 8388.0,
        "value" : 5813759.0
      } ]
    } ],
    "bands" : [ {
      "name" : "Amplitude_VH",
      "description" : "",
      "bandWidth" : 25205,
      "bandHeight" : 16777,
      "noDataValue" : 0.0,
      "noDataValueUsed" : true,
      "spectralWavelength" : 0.0,
      "spectralBandwidth" : 0.0,
      "expectedPixels" : [ {
        "x" : 12602.0,
        "y" : 8388.0,
        "value" : 84.0
      } ]
    }, {
      "name" : "Intensity_VH",
      "description" : "Intensity from complex data",
      "bandWidth" : 25205,
      "bandHeight" : 16777,
      "noDataValue" : 0.0,
      "noDataValueUsed" : true,
      "spectralWavelength" : 0.0,
      "spectralBandwidth" : 0.0,
      "expectedPixels" : [ {
        "x" : 12602.0,
        "y" : 8388.0,
        "value" : 7056.0
      } ]
    }, {
      "name" : "Amplitude_VV",
      "description" : "",
      "bandWidth" : 25205,
      "bandHeight" : 16777,
      "noDataValue" : 0.0,
      "noDataValueUsed" : true,
      "spectralWavelength" : 0.0,
      "spectralBandwidth" : 0.0,
      "expectedPixels" : [ {
        "x" : 12602.0,
        "y" : 8388.0,
        "value" : 95.0
      } ]
    }, {
      "name" : "Intensity_VV",
      "description" : "Intensity from complex data",
      "bandWidth" : 25205,
      "bandHeight" : 16777,
      "noDataValue" : 0.0,
      "noDataValueUsed" : true,
      "spectralWavelength" : 0.0,
      "spectralBandwidth" : 0.0,
      "expectedPixels" : [ {
        "x" : 12602.0,
        "y" : 8388.0,
        "value" : 9025.0
      } ]
    } ],
    "masks" : [ ]
  }
}