{
  "id" : "s1tbx.standard.calibrate.cosmoskymed.dgm",
  "decodeQualification" : "INTENDED",
  "expectedContent" : {
    "sceneWidth" : 500,
    "sceneHeight" : 500,
    "geoCoding" : {
      "coordinates" : [ {
        "x" : 250.0,
        "y" : 250.0,
        "lat" : 35.302576174480684,
        "lon" : -6.074862310031483
      } ]
    },
    "tiePointGrids" : [ {
      "name" : "incident_angle",
      "description" : "",
      "offsetX" : -100.0,
      "offsetY" : -100.0,
      "subSamplingX" : 944.7000122070312,
      "subSamplingY" : 706.9000244140625,
      "expectedPixels" : [ {
        "x" : 250.0,
        "y" : 250.0,
        "value" : 41.342148
      } ]
    }, {
      "name" : "slant_range_time",
      "description" : "",
      "offsetX" : -100.0,
      "offsetY" : -100.0,
      "subSamplingX" : 944.7000122070312,
      "subSamplingY" : 706.9000244140625,
      "expectedPixels" : [ {
        "x" : 250.0,
        "y" : 250.0,
        "value" : 5390159.0
      } ]
    }, {
      "name" : "latitude",
      "description" : "",
      "offsetX" : -99.5,
      "offsetY" : -99.5,
      "subSamplingX" : 1049.0,
      "subSamplingY" : 785.0,
      "expectedPixels" : [ {
        "x" : 250.0,
        "y" : 250.0,
        "value" : 35.302654
      } ]
    }, {
      "name" : "longitude",
      "description" : "",
      "offsetX" : -99.5,
      "offsetY" : -99.5,
      "subSamplingX" : 1049.0,
      "subSamplingY" : 785.0,
      "expectedPixels" : [ {
        "x" : 250.0,
        "y" : 250.0,
        "value" : -6.074795
      } ]
    } ],
    "bands" : [ {
      "name" : "Sigma0_VV",
      "description" : "",
      "bandWidth" : 500,
      "bandHeight" : 500,
      "noDataValue" : 0.0,
      "noDataValueUsed" : true,
      "spectralWavelength" : 0.0,
      "spectralBandwidth" : 0.0,
      "expectedPixels" : [ {
        "x" : 250.0,
        "y" : 250.0,
        "value" : 0.042030364
      } ]
    } ],
    "masks" : [ ]
  }
}