{
  "id" : "s1tbx.standard.multilook.rs2",
  "decodeQualification" : "INTENDED",
  "expectedContent" : {
    "sceneWidth" : 166,
    "sceneHeight" : 500,
    "geoCoding" : {
      "coordinates" : [ {
        "x" : 83.0,
        "y" : 250.0,
        "lat" : 49.394313812403134,
        "lon" : -123.15382975707486
      } ]
    },
    "tiePointGrids" : [ {
      "name" : "latitude",
      "description" : "",
      "offsetX" : 0.0,
      "offsetY" : 0.0,
      "subSamplingX" : 16.600000381469727,
      "subSamplingY" : 50.0,
      "expectedPixels" : [ {
        "x" : 83.0,
        "y" : 250.0,
        "value" : 49.394253
      } ]
    }, {
      "name" : "longitude",
      "description" : "",
      "offsetX" : 0.0,
      "offsetY" : 0.0,
      "subSamplingX" : 16.600000381469727,
      "subSamplingY" : 50.0,
      "expectedPixels" : [ {
        "x" : 83.0,
        "y" : 250.0,
        "value" : -123.15358
      } ]
    }, {
      "name" : "incident_angle",
      "description" : "",
      "offsetX" : 0.0,
      "offsetY" : 0.0,
      "subSamplingX" : 16.600000381469727,
      "subSamplingY" : 50.0,
      "expectedPixels" : [ {
        "x" : 83.0,
        "y" : 250.0,
        "value" : 21.504793
      } ]
    }, {
      "name" : "slant_range_time",
      "description" : "",
      "offsetX" : 0.0,
      "offsetY" : 0.0,
      "subSamplingX" : 16.600000381469727,
      "subSamplingY" : 50.0,
      "expectedPixels" : [ {
        "x" : 83.0,
        "y" : 250.0,
        "value" : 5678976.0
      } ]
    } ],
    "bands" : [ {
      "name" : "Intensity_HH",
      "description" : "",
      "bandWidth" : 166,
      "bandHeight" : 500,
      "noDataValue" : 0.0,
      "noDataValueUsed" : false,
      "spectralWavelength" : 0.0,
      "spectralBandwidth" : 0.0,
      "expectedPixels" : [ {
        "x" : 83.0,
        "y" : 250.0,
        "value" : 1498284.0
      } ]
    }, {
      "name" : "Intensity_HV",
      "description" : "",
      "bandWidth" : 166,
      "bandHeight" : 500,
      "noDataValue" : 0.0,
      "noDataValueUsed" : false,
      "spectralWavelength" : 0.0,
      "spectralBandwidth" : 0.0,
      "expectedPixels" : [ {
        "x" : 83.0,
        "y" : 250.0,
        "value" : 132633.0
      } ]
    }, {
      "name" : "Intensity_VH",
      "description" : "",
      "bandWidth" : 166,
      "bandHeight" : 500,
      "noDataValue" : 0.0,
      "noDataValueUsed" : false,
      "spectralWavelength" : 0.0,
      "spectralBandwidth" : 0.0,
      "expectedPixels" : [ {
        "x" : 83.0,
        "y" : 250.0,
        "value" : 98209.0
      } ]
    }, {
      "name" : "Intensity_VV",
      "description" : "",
      "bandWidth" : 166,
      "bandHeight" : 500,
      "noDataValue" : 0.0,
      "noDataValueUsed" : false,
      "spectralWavelength" : 0.0,
      "spectralBandwidth" : 0.0,
      "expectedPixels" : [ {
        "x" : 83.0,
        "y" : 250.0,
        "value" : 524451.0
      } ]
    } ],
    "masks" : [ ]
  }
}