{
  "id" : "s1tbx.insar.deformation.asar",
  "decodeQualification" : "INTENDED",
  "expectedContent" : {
    "sceneWidth" : 3000,
    "sceneHeight" : 3000,
    "geoCoding" : {
      "coordinates" : [ {
        "x" : 1500.0,
        "y" : 1500.0,
        "lat" : 29.491600255887477,
        "lon" : 58.41738042395364
      } ]
    },
    "tiePointGrids" : [ {
      "name" : "incident_angle",
      "description" : "",
      "offsetX" : -452.0,
      "offsetY" : -311.0,
      "subSamplingX" : 516.0,
      "subSamplingY" : 2689.0,
      "expectedPixels" : [ {
        "x" : 1500.0,
        "y" : 1500.0,
        "value" : 24.020237
      } ]
    }, {
      "name" : "slant_range_time",
      "description" : "",
      "offsetX" : -452.0,
      "offsetY" : -311.0,
      "subSamplingX" : 516.0,
      "subSamplingY" : 2689.0,
      "expectedPixels" : [ {
        "x" : 1500.0,
        "y" : 1500.0,
        "value" : 5691301.5
      } ]
    }, {
      "name" : "latitude",
      "description" : "",
      "offsetX" : -452.0,
      "offsetY" : -311.0,
      "subSamplingX" : 516.0,
      "subSamplingY" : 2689.0,
      "expectedPixels" : [ {
        "x" : 1500.0,
        "y" : 1500.0,
        "value" : 29.4916
      } ]
    }, {
      "name" : "longitude",
      "description" : "",
      "offsetX" : -452.0,
      "offsetY" : -311.0,
      "subSamplingX" : 516.0,
      "subSamplingY" : 2689.0,
      "expectedPixels" : [ {
        "x" : 1500.0,
        "y" : 1500.0,
        "value" : 58.41728
      } ]
    } ],
    "bands" : [ {
      "name" : "i_ifg_VV_03Dec2003_11Feb2004",
      "description" : "",
      "bandWidth" : 3000,
      "bandHeight" : 3000,
      "noDataValue" : 0.0,
      "noDataValueUsed" : false,
      "spectralWavelength" : 0.0,
      "spectralBandwidth" : 0.0,
      "expectedPixels" : [ {
        "x" : 1500.0,
        "y" : 1500.0,
        "value" : 0.0
      } ]
    }, {
      "name" : "q_ifg_VV_03Dec2003_11Feb2004",
      "description" : "",
      "bandWidth" : 3000,
      "bandHeight" : 3000,
      "noDataValue" : 0.0,
      "noDataValueUsed" : false,
      "spectralWavelength" : 0.0,
      "spectralBandwidth" : 0.0,
      "expectedPixels" : [ {
        "x" : 1500.0,
        "y" : 1500.0,
        "value" : 0.0
      } ]
    }, {
      "name" : "Intensity_ifg_VV_03Dec2003_11Feb2004",
      "description" : "Intensity from complex data",
      "bandWidth" : 3000,
      "bandHeight" : 3000,
      "noDataValue" : 0.0,
      "noDataValueUsed" : true,
      "spectralWavelength" : 0.0,
      "spectralBandwidth" : 0.0,
      "expectedPixels" : [ {
        "x" : 1500.0,
        "y" : 1500.0,
        "value" : 0.0
      } ]
    }, {
      "name" : "Phase_ifg_VV_03Dec2003_11Feb2004",
      "description" : "Phase from complex data",
      "bandWidth" : 3000,
      "bandHeight" : 3000,
      "noDataValue" : 0.0,
      "noDataValueUsed" : false,
      "spectralWavelength" : 0.0,
      "spectralBandwidth" : 0.0,
      "expectedPixels" : [ {
        "x" : 1500.0,
        "y" : 1500.0,
        "value" : 0.0
      } ]
    }, {
      "name" : "coh_VV_03Dec2003_11Feb2004",
      "description" : "",
      "bandWidth" : 3000,
      "bandHeight" : 3000,
      "noDataValue" : 0.0,
      "noDataValueUsed" : true,
      "spectralWavelength" : 0.0,
      "spectralBandwidth" : 0.0,
      "expectedPixels" : [ {
        "x" : 1500.0,
        "y" : 1500.0,
        "value" : 0.0
      } ]
    } ],
    "masks" : [ ]
  }
}