{
  "id" : "s1tbx.insar.stack.average.asar",
  "decodeQualification" : "INTENDED",
  "expectedContent" : {
    "sceneWidth" : 1754,
    "sceneHeight" : 8077,
    "geoCoding" : {
      "coordinates" : [ {
        "x" : 877.0,
        "y" : 4038.0,
        "lat" : 28.974967488831307,
        "lon" : 58.48470801142638
      } ]
    },
    "tiePointGrids" : [ {
      "name" : "samples",
      "description" : "range sample",
      "offsetX" : -145.5,
      "offsetY" : -1740.5,
      "subSamplingX" : 517.0,
      "subSamplingY" : 2446.0,
      "expectedPixels" : [ {
        "x" : 877.0,
        "y" : 4038.0,
        "value" : 2573.0425
      } ]
    }, {
      "name" : "slant_range_time",
      "description" : "2 way slant range time",
      "offsetX" : -145.5,
      "offsetY" : -1740.5,
      "subSamplingX" : 517.0,
      "subSamplingY" : 2446.0,
      "expectedPixels" : [ {
        "x" : 877.0,
        "y" : 4038.0,
        "value" : 5643016.0
      } ]
    }, {
      "name" : "incident_angle",
      "description" : "Incident angle",
      "offsetX" : -145.5,
      "offsetY" : -1740.5,
      "subSamplingX" : 517.0,
      "subSamplingY" : 2446.0,
      "expectedPixels" : [ {
        "x" : 877.0,
        "y" : 4038.0,
        "value" : 22.744184
      } ]
    }, {
      "name" : "latitude",
      "description" : "Latitude of the tie points (WGS-84), positive N",
      "offsetX" : -145.5,
      "offsetY" : -1740.5,
      "subSamplingX" : 517.0,
      "subSamplingY" : 2446.0,
      "expectedPixels" : [ {
        "x" : 877.0,
        "y" : 4038.0,
        "value" : 28.974968
      } ]
    }, {
      "name" : "longitude",
      "description" : "Longitude of the tie points (WGS-84), Greenwich origin, positive E",
      "offsetX" : -145.5,
      "offsetY" : -1740.5,
      "subSamplingX" : 517.0,
      "subSamplingY" : 2446.0,
      "expectedPixels" : [ {
        "x" : 877.0,
        "y" : 4038.0,
        "value" : 58.4846
      } ]
    } ],
    "bands" : [ {
      "name" : "i_VV",
      "description" : "i_VV average real",
      "bandWidth" : 1754,
      "bandHeight" : 8077,
      "noDataValue" : 0.0,
      "noDataValueUsed" : true,
      "spectralWavelength" : 0.0,
      "spectralBandwidth" : 0.0,
      "expectedPixels" : [ {
        "x" : 877.0,
        "y" : 4038.0,
        "value" : -23.706362
      } ]
    }, {
      "name" : "q_VV",
      "description" : "q_VV average imaginary",
      "bandWidth" : 1754,
      "bandHeight" : 8077,
      "noDataValue" : 0.0,
      "noDataValueUsed" : true,
      "spectralWavelength" : 0.0,
      "spectralBandwidth" : 0.0,
      "expectedPixels" : [ {
        "x" : 877.0,
        "y" : 4038.0,
        "value" : 30.623032
      } ]
    }, {
      "name" : "Intensity_VV",
      "description" : "Intensity from complex data",
      "bandWidth" : 1754,
      "bandHeight" : 8077,
      "noDataValue" : 0.0,
      "noDataValueUsed" : true,
      "spectralWavelength" : 0.0,
      "spectralBandwidth" : 0.0,
      "expectedPixels" : [ {
        "x" : 877.0,
        "y" : 4038.0,
        "value" : 1499.7616
      } ]
    } ],
    "masks" : [ ]
  }
}