{
  "id" : "s1tbx.insar.deformation.s1",
  "decodeQualification" : "INTENDED",
  "expectedContent" : {
    "sceneWidth" : 3000,
    "sceneHeight" : 3000,
    "geoCoding" : {
      "coordinates" : [ {
        "x" : 1500.0,
        "y" : 1500.0,
        "lat" : 38.21642329546096,
        "lon" : -122.09696945098081
      } ]
    },
    "tiePointGrids" : [ {
      "name" : "latitude",
      "description" : "",
      "offsetX" : -912.8499999999999,
      "offsetY" : -553.3923076923078,
      "subSamplingX" : 1086.65,
      "subSamplingY" : 815.3692307692307,
      "expectedPixels" : [ {
        "x" : 1500.0,
        "y" : 1500.0,
        "value" : 38.21641
      } ]
    }, {
      "name" : "longitude",
      "description" : "",
      "offsetX" : -912.8499999999999,
      "offsetY" : -553.3923076923078,
      "subSamplingX" : 1086.65,
      "subSamplingY" : 815.3692307692307,
      "expectedPixels" : [ {
        "x" : 1500.0,
        "y" : 1500.0,
        "value" : -122.097
      } ]
    }, {
      "name" : "incident_angle",
      "description" : "",
      "offsetX" : -912.8499999999999,
      "offsetY" : -553.3923076923078,
      "subSamplingX" : 1086.65,
      "subSamplingY" : 815.3692307692307,
      "expectedPixels" : [ {
        "x" : 1500.0,
        "y" : 1500.0,
        "value" : 20.805803
      } ]
    }, {
      "name" : "elevation_angle",
      "description" : "",
      "offsetX" : -912.8499999999999,
      "offsetY" : -553.3923076923078,
      "subSamplingX" : 1086.65,
      "subSamplingY" : 815.3692307692307,
      "expectedPixels" : [ {
        "x" : 1500.0,
        "y" : 1500.0,
        "value" : 18.66327
      } ]
    }, {
      "name" : "slant_range_time",
      "description" : "",
      "offsetX" : -912.8499999999999,
      "offsetY" : -553.3923076923078,
      "subSamplingX" : 1086.65,
      "subSamplingY" : 815.3692307692307,
      "expectedPixels" : [ {
        "x" : 1500.0,
        "y" : 1500.0,
        "value" : 4964766.5
      } ]
    } ],
    "bands" : [ {
      "name" : "i_ifg_VV_07Aug2014_31Aug2014",
      "description" : "",
      "bandWidth" : 3000,
      "bandHeight" : 3000,
      "noDataValue" : 0.0,
      "noDataValueUsed" : false,
      "spectralWavelength" : 0.0,
      "spectralBandwidth" : 0.0,
      "expectedPixels" : [ {
        "x" : 1500.0,
        "y" : 1500.0,
        "value" : 0.0
      } ]
    }, {
      "name" : "q_ifg_VV_07Aug2014_31Aug2014",
      "description" : "",
      "bandWidth" : 3000,
      "bandHeight" : 3000,
      "noDataValue" : 0.0,
      "noDataValueUsed" : false,
      "spectralWavelength" : 0.0,
      "spectralBandwidth" : 0.0,
      "expectedPixels" : [ {
        "x" : 1500.0,
        "y" : 1500.0,
        "value" : 0.0
      } ]
    }, {
      "name" : "Intensity_ifg_VV_07Aug2014_31Aug2014",
      "description" : "Intensity from complex data",
      "bandWidth" : 3000,
      "bandHeight" : 3000,
      "noDataValue" : 0.0,
      "noDataValueUsed" : true,
      "spectralWavelength" : 0.0,
      "spectralBandwidth" : 0.0,
      "expectedPixels" : [ {
        "x" : 1500.0,
        "y" : 1500.0,
        "value" : 0.0
      } ]
    }, {
      "name" : "Phase_ifg_VV_07Aug2014_31Aug2014",
      "description" : "Phase from complex data",
      "bandWidth" : 3000,
      "bandHeight" : 3000,
      "noDataValue" : 0.0,
      "noDataValueUsed" : false,
      "spectralWavelength" : 0.0,
      "spectralBandwidth" : 0.0,
      "expectedPixels" : [ {
        "x" : 1500.0,
        "y" : 1500.0,
        "value" : 0.0
      } ]
    }, {
      "name" : "coh_VV_07Aug2014_31Aug2014",
      "description" : "",
      "bandWidth" : 3000,
      "bandHeight" : 3000,
      "noDataValue" : 0.0,
      "noDataValueUsed" : true,
      "spectralWavelength" : 0.0,
      "spectralBandwidth" : 0.0,
      "expectedPixels" : [ {
        "x" : 1500.0,
        "y" : 1500.0,
        "value" : 0.0
      } ]
    } ],
    "masks" : [ ]
  }
}