{
  "id": "Resamp2BandMathBandMath_S2",
  "decodeQualification": "INTENDED",
  "expectedContent": {
    "sceneWidth": 1830,
    "sceneHeight": 1830,
    "startTime": "07-FEB-2017 18:24:31.026000",
    "endTime": "07-FEB-2017 18:24:31.026000",
    "geoCoding": {
      "coordinates": [
        {
          "x": 789.0,
          "y": 983.0,
          "lat": 32.896912959332255,
          "lon": -112.63221152263118
        },
        {
          "x": 1358.0,
          "y": 1187.0,
          "lat": 32.790759890243955,
          "lon": -112.26571353229913
        }
      ],
      "reverseAccuracy": 2.86672729998827E-9
    },
    "bands": [
      {
        "name": "newBand",
        "description": "",
        "bandWidth": 1830,
        "bandHeight": 1830,
        "noDataValue": "0.0",
        "noDataValueUsed": "true",
        "spectralWavelength": "0.0",
        "spectralBandwidth": "0.0",
        "expectedPixels": [
          {
            "x": 95,
            "y": 326,
            "value": 0.05091007
          },
          {
            "x": 1253,
            "y": 1556,
            "value": 0.13137783
          }
        ]
      }
    ],
    "metadata": [
      {
        "path": "Level-2A_User_Product/Geometric_Info/Coordinate_Reference_System/GEO_TABLES",
        "value": "EPSG"
      },
      {
        "path": "Level-2A_DataStrip_ID/Quality_Indicators_Info/Radiometric_Info/Radiometric_Quality_List/Radiometric_Quality[3]/Noise_Model/BETA",
        "value": "0.03482"
      },
      {
        "path": "Level-2A_DataStrip_ID/Image_Data_Info/Geometric_Info/Image_Refining/flag",
        "value": "NOT_REFINED"
      },
      {
        "path": "Level-2A_User_Product/Geometric_Info/Product_Footprint/Product_Footprint/Global_Footprint/EXT_POS_LIST",
        "value": "33.42091875853871 -113.15103713342633 33.435778798872015 -111.97035505843513 32.44547285973725 -111.95959806134303 32.431162035367194 -113.12720908001293 33.42091875853871 -113.15103713342633 33.42091875853871 -113.15103713342633"
      },
      {
        "path": "Level-2A_User_Product/Quality_Indicators_Info/Technical_Quality_Assessment/DEGRADED_ANC_DATA_PERCENTAGE",
        "value": "0"
      },
      {
        "path": "Level-2A_DataStrip_ID/Satellite_Ancillary_Data_Info/Attitudes/Corrected_Attitudes/Values[839]/QUATERNION_VALUES",
        "value": "-0.701666274721509 0.517280740168736 0.451283924429748 0.190860929265815"
      },
      {
        "path": "Processing_Graph/node.2/parameters/targetBands/targetBand/name",
        "value": "newBand"
      },
      {
        "path": "Level-2A_DataStrip_ID/Satellite_Ancillary_Data_Info/Attitudes/Raw_Attitudes/STR_List/STR[2]/Attitude_Data_List/Attitude_Data[561]/QUATERNION_VALUES",
        "value": "0.811906919814646 0.1433827560395 -0.335133275017142 0.455998077988625"
      },
      {
        "path": "Processing_Graph/node.2/parameters/targetBands/targetBand/type",
        "value": "float32"
      }
    ]
  }
}