{
  "id": "tempAlosAV2",
  "decodeQualification": "INTENDED",
  "expectedContent": {
    "sceneWidth": 101,
    "sceneHeight": 101,
    "startTime": "09-SEP-2014 04:33:48.814917",
    "endTime": "09-SEP-2014 04:33:48.890905",
    "bands": [
      {
        "name": "Amplitude_HH",
        "description": "Amplitude_HH",
        "bandWidth": 101,
        "bandHeight": 101,
        "geophysicalUnit": "amplitude",
        "noDataValue": "0.0",
        "noDataValueUsed": "true",
        "spectralWavelength": "0.0",
        "spectralBandwidth": "0.0",
        "expectedPixels": [
          {
            "x": 38,
            "y": 17,
            "value": 1408
          },
          {
            "x": 65,
            "y": 32,
            "value": 1251
          }
        ]
      },
      {
        "name": "Intensity_HH",
        "description": "Intensity_HH",
        "bandWidth": 101,
        "bandHeight": 101,
        "geophysicalUnit": "intensity",
        "noDataValue": "0.0",
        "noDataValueUsed": "true",
        "spectralWavelength": "0.0",
        "spectralBandwidth": "0.0",
        "expectedPixels": [
          {
            "x": 38,
            "y": 17,
            "value": 1982464.00000
          },
          {
            "x": 65,
            "y": 32,
            "value": 1565001.00000
          }
        ]
      },
      {
        "name": "Amplitude_HV",
        "description": "Amplitude_HV",
        "bandWidth": 101,
        "bandHeight": 101,
        "geophysicalUnit": "amplitude",
        "noDataValue": "0.0",
        "noDataValueUsed": "true",
        "spectralWavelength": "0.0",
        "spectralBandwidth": "0.0",
        "expectedPixels": [
          {
            "x": 85,
            "y": 77,
            "value": 334
          },
          {
            "x": 9,
            "y": 21,
            "value": 462
          }
        ]
      },
      {
        "name": "Intensity_HV",
        "description": "Intensity_HV",
        "bandWidth": 101,
        "bandHeight": 101,
        "geophysicalUnit": "intensity",
        "noDataValue": "0.0",
        "noDataValueUsed": "true",
        "spectralWavelength": "0.0",
        "spectralBandwidth": "0.0",
        "expectedPixels": [
          {
            "x": 85,
            "y": 77,
            "value": 111556.00000
          },
          {
            "x": 9,
            "y": 21,
            "value": 213444.00000
          }
        ]
      }
    ],
    "masks": [],
    "metadata": [
      {
        "path": "history/SubsetInfo/ProductNodeName.4",
        "value": "Intensity_HV"
      },
      {
        "path": "Original_Product_Metadata/Leader/Map Projection/Number of lines",
        "value": "13161"
      },
      {
        "path": "Abstracted_Metadata/first_near_lat",
        "value": "-11.181780637039862"
      },
      {
        "path": "Abstracted_Metadata/PASS",
        "value": "ASCENDING"
      },
      {
        "path": "Abstracted_Metadata/geo_ref_system",
        "value": "GRS80"
      },
      {
        "path": "Abstracted_Metadata/map_projection",
        "value": "Geocoded"
      },
      {
        "path": "Abstracted_Metadata/pulse_repetition",
        "value": "2122.318448518"
      },
      {
        "path": "Abstracted_Metadata/PRODUCT_TYPE",
        "value": "FBDR1.5G"
      },
      {
        "path": "Abstracted_Metadata/Orbit_State_Vectors/orbit_vector22/x_vel",
        "value": "2053332.35603528"
      }
    ]
  }
}
