{
  "id": "tempSentinel1",
  "decodeQualification": "INTENDED",
  "expectedContent": {
    "sceneWidth": 100,
    "sceneHeight": 100,
    "startTime": "29-FEB-2020 23:16:23.971005",
    "endTime": "29-FEB-2020 23:16:48.968431",
    "bands": [
      {
        "name": "Amplitude_VH",
        "description": "amplitude",
        "bandWidth": 100,
        "bandHeight": 100,
        "geophysicalUnit": "amplitude",
        "noDataValue": "0.0",
        "noDataValueUsed": "true",
        "spectralWavelength": "0.0",
        "spectralBandwidth": "0.0",
        "expectedPixels": [
          {
            "x": 34,
            "y": 36,
            "value": 77
          },
          {
            "x": 32,
            "y": 67,
            "value": 70
          }
        ]
      },
      {
        "name": "Intensity_VH",
        "description": "",
        "bandWidth": 100,
        "bandHeight": 100,
        "geophysicalUnit": "imaginary",
        "noDataValue": "0.0",
        "noDataValueUsed": "true",
        "spectralWavelength": "0.0",
        "spectralBandwidth": "0.0",
        "expectedPixels": [
          {
            "x": 34,
            "y": 36,
            "value": 5929.00000
          },
          {
            "x": 32,
            "y": 67,
            "value": 4900.00000
          }
        ]
      }
    ],
    "masks": [],
    "metadata": [
      {
        "path": "history/SubsetInfo/ProductNodeName.5",
        "value": "slant_range_time"
      },
      {
        "path": "Abstracted_Metadata/first_near_lat",
        "value": "43.10416282416519"
      },
      {
        "path": "Abstracted_Metadata/PASS",
        "value": "ASCENDING"
      },
      {
        "path": "Abstracted_Metadata/geo_ref_system",
        "value": "-"
      },
      {
        "path": "Abstracted_Metadata/pulse_repetition_frequency",
        "value": "1717.128973878037"
      },
      {
        "path": "Abstracted_Metadata/PRODUCT_TYPE",
        "value": "GRD"
      }
    ]
  }
}
