{
  "id" : "s1tbx.sentinel1.tops.deburst.merge.s1",
  "decodeQualification" : "INTENDED",
  "expectedContent" : {
    "sceneWidth" : 68068,
    "sceneHeight" : 13331,
    "geoCoding" : {
      "coordinates" : [ {
        "x" : 34034.0,
        "y" : 6665.0,
        "lat" : 37.48862030518045,
        "lon" : 15.612716256118404
      } ]
    },
    "tiePointGrids" : [ {
      "name" : "latitude",
      "description" : "",
      "offsetX" : 0.0,
      "offsetY" : 0.0,
      "subSamplingX" : 3403.0,
      "subSamplingY" : 2666.0,
      "expectedPixels" : [ {
        "x" : 34034.0,
        "y" : 6665.0,
        "value" : 37.488686
      } ]
    }, {
      "name" : "longitude",
      "description" : "",
      "offsetX" : 0.0,
      "offsetY" : 0.0,
      "subSamplingX" : 3403.0,
      "subSamplingY" : 2666.0,
      "expectedPixels" : [ {
        "x" : 34034.0,
        "y" : 6665.0,
        "value" : 15.612722
      } ]
    }, {
      "name" : "slant_range_time",
      "description" : "",
      "offsetX" : 0.0,
      "offsetY" : 0.0,
      "subSamplingX" : 3403.0,
      "subSamplingY" : 2666.0,
      "expectedPixels" : [ {
        "x" : 34034.0,
        "y" : 6665.0,
        "value" : 5868767.0
      } ]
    }, {
      "name" : "incident_angle",
      "description" : "",
      "offsetX" : 0.0,
      "offsetY" : 0.0,
      "subSamplingX" : 3403.0,
      "subSamplingY" : 2666.0,
      "expectedPixels" : [ {
        "x" : 34034.0,
        "y" : 6665.0,
        "value" : 39.55221
      } ]
    } ],
    "bands" : [ {
      "name" : "i_VH",
      "description" : "",
      "bandWidth" : 68068,
      "bandHeight" : 13331,
      "noDataValue" : 0.0,
      "noDataValueUsed" : true,
      "spectralWavelength" : 0.0,
      "spectralBandwidth" : 0.0,
      "expectedPixels" : [ {
        "x" : 34034.0,
        "y" : 6665.0,
        "value" : 7.0
      } ]
    }, {
      "name" : "q_VH",
      "description" : "",
      "bandWidth" : 68068,
      "bandHeight" : 13331,
      "noDataValue" : 0.0,
      "noDataValueUsed" : true,
      "spectralWavelength" : 0.0,
      "spectralBandwidth" : 0.0,
      "expectedPixels" : [ {
        "x" : 34034.0,
        "y" : 6665.0,
        "value" : 10.0
      } ]
    }, {
      "name" : "Intensity_VH",
      "description" : "Intensity from complex data",
      "bandWidth" : 68068,
      "bandHeight" : 13331,
      "noDataValue" : 0.0,
      "noDataValueUsed" : true,
      "spectralWavelength" : 0.0,
      "spectralBandwidth" : 0.0,
      "expectedPixels" : [ {
        "x" : 34034.0,
        "y" : 6665.0,
        "value" : 149.0
      } ]
    }, {
      "name" : "i_VV",
      "description" : "",
      "bandWidth" : 68068,
      "bandHeight" : 13331,
      "noDataValue" : 0.0,
      "noDataValueUsed" : true,
      "spectralWavelength" : 0.0,
      "spectralBandwidth" : 0.0,
      "expectedPixels" : [ {
        "x" : 34034.0,
        "y" : 6665.0,
        "value" : -16.0
      } ]
    }, {
      "name" : "q_VV",
      "description" : "",
      "bandWidth" : 68068,
      "bandHeight" : 13331,
      "noDataValue" : 0.0,
      "noDataValueUsed" : true,
      "spectralWavelength" : 0.0,
      "spectralBandwidth" : 0.0,
      "expectedPixels" : [ {
        "x" : 34034.0,
        "y" : 6665.0,
        "value" : 19.0
      } ]
    }, {
      "name" : "Intensity_VV",
      "description" : "Intensity from complex data",
      "bandWidth" : 68068,
      "bandHeight" : 13331,
      "noDataValue" : 0.0,
      "noDataValueUsed" : true,
      "spectralWavelength" : 0.0,
      "spectralBandwidth" : 0.0,
      "expectedPixels" : [ {
        "x" : 34034.0,
        "y" : 6665.0,
        "value" : 617.0
      } ]
    } ],
    "masks" : [ ]
  }
}