{
  "id" : "s1tbx.sentinel1.slice.assembly.grd",
  "decodeQualification" : "INTENDED",
  "expectedContent" : {
    "sceneWidth" : 25213,
    "sceneHeight" : 33553,
    "geoCoding" : {
      "coordinates" : [ {
        "x" : 12606.0,
        "y" : 16776.0,
        "lat" : 19.9016914037889,
        "lon" : -155.701140098227
      } ]
    },
    "tiePointGrids" : [ {
      "name" : "latitude",
      "description" : "",
      "offsetX" : 0.5,
      "offsetY" : 0.5,
      "subSamplingX" : 1260.65,
      "subSamplingY" : 1765.9473684210527,
      "expectedPixels" : [ {
        "x" : 12606.0,
        "y" : 16776.0,
        "value" : 19.901745
      } ]
    }, {
      "name" : "longitude",
      "description" : "",
      "offsetX" : 0.5,
      "offsetY" : 0.5,
      "subSamplingX" : 1260.65,
      "subSamplingY" : 1765.9473684210527,
      "expectedPixels" : [ {
        "x" : 12606.0,
        "y" : 16776.0,
        "value" : -155.7011
      } ]
    }, {
      "name" : "incident_angle",
      "description" : "",
      "offsetX" : 0.5,
      "offsetY" : 0.5,
      "subSamplingX" : 1260.65,
      "subSamplingY" : 1765.9473684210527,
      "expectedPixels" : [ {
        "x" : 12606.0,
        "y" : 16776.0,
        "value" : 39.0755
      } ]
    }, {
      "name" : "elevation_angle",
      "description" : "",
      "offsetX" : 0.5,
      "offsetY" : 0.5,
      "subSamplingX" : 1260.65,
      "subSamplingY" : 1765.9473684210527,
      "expectedPixels" : [ {
        "x" : 12606.0,
        "y" : 16776.0,
        "value" : 34.621544
      } ]
    }, {
      "name" : "slant_range_time",
      "description" : "",
      "offsetX" : 0.5,
      "offsetY" : 0.5,
      "subSamplingX" : 1260.65,
      "subSamplingY" : 1765.9473684210527,
      "expectedPixels" : [ {
        "x" : 12606.0,
        "y" : 16776.0,
        "value" : 5813756.0
      } ]
    } ],
    "bands" : [ {
      "name" : "Amplitude_VH",
      "description" : "",
      "bandWidth" : 25213,
      "bandHeight" : 33553,
      "noDataValue" : 0.0,
      "noDataValueUsed" : true,
      "spectralWavelength" : 0.0,
      "spectralBandwidth" : 0.0,
      "expectedPixels" : [ {
        "x" : 12606.0,
        "y" : 16776.0,
        "value" : 61.0
      } ]
    }, {
      "name" : "Intensity_VH",
      "description" : "Intensity from complex data",
      "bandWidth" : 25213,
      "bandHeight" : 33553,
      "noDataValue" : 0.0,
      "noDataValueUsed" : true,
      "spectralWavelength" : 0.0,
      "spectralBandwidth" : 0.0,
      "expectedPixels" : [ {
        "x" : 12606.0,
        "y" : 16776.0,
        "value" : 3721.0
      } ]
    }, {
      "name" : "Amplitude_VV",
      "description" : "",
      "bandWidth" : 25213,
      "bandHeight" : 33553,
      "noDataValue" : 0.0,
      "noDataValueUsed" : true,
      "spectralWavelength" : 0.0,
      "spectralBandwidth" : 0.0,
      "expectedPixels" : [ {
        "x" : 12606.0,
        "y" : 16776.0,
        "value" : 103.0
      } ]
    }, {
      "name" : "Intensity_VV",
      "description" : "Intensity from complex data",
      "bandWidth" : 25213,
      "bandHeight" : 33553,
      "noDataValue" : 0.0,
      "noDataValueUsed" : true,
      "spectralWavelength" : 0.0,
      "spectralBandwidth" : 0.0,
      "expectedPixels" : [ {
        "x" : 12606.0,
        "y" : 16776.0,
        "value" : 10609.0
      } ]
    } ],
    "masks" : [ ]
  }
}